some/
some/directory/
some/directory/baz.txt
some/directory/files/
some/directory/files/bar.txt
some/hierarchy/
some/hierarchy/structure/
some/hierarchy/structure/foo.txt
